S'ha afegit l'aresta que va de 1 Donald Knuth author al node 1 applying markov chains paper
S'ha afegit l'aresta que va de 1 Donald Knuth author al node 2 swarm algorithms paper
Tenim el següent node :1del tipo authory su contenido es Donald Knuth
La seva llista d'adjacències és 
Id intern 	 IdClase	Contingut	Tipus
0		 1	applying markov chains	 paper
1		 2	swarm algorithms	 paper
No té més adjacents
Tenim el següent node :1del tipo papery su contenido es applying markov chains
Tenim el següent node :2del tipo papery su contenido es swarm algorithms
