Node (tipus: author, nom: a1) afegit.
Node (tipus: author, nom: a2) afegit.
Node (tipus: author, nom: a3) afegit.
Node (tipus: paper, nom: b1) afegit.
Node (tipus: paper, nom: b2) afegit.
Node (tipus: paper, nom: b3) afegit.
Node (tipus: paper, nom: b4) afegit.
Aresta (tipusA: author, nomA: a1, tipusB: paper, nomB: b1) afegida.
Aresta (tipusA: author, nomA: a1, tipusB: paper, nomB: b2) afegida.
Aresta (tipusA: author, nomA: a2, tipusB: paper, nomB: b2) afegida.
Aresta (tipusA: author, nomA: a2, tipusB: paper, nomB: b3) afegida.
Aresta (tipusA: author, nomA: a2, tipusB: paper, nomB: b4) afegida.
Aresta (tipusA: author, nomA: a3, tipusB: paper, nomB: b4) afegida.
0 a1 b1 0.70710677 
1 a3 b4 0.70710677 
2 a2 b3 0.57735026 
3 a1 b2 0.5 
4 a2 b2 0.40824828 
5 a2 b4 0.40824828 
0 a1 a1 1.0 
1 a2 a2 1.0 
2 a3 a3 1.0 
3 a2 a3 0.57735026 
4 a3 a2 0.57735026 
5 a1 a2 0.40824828 
6 a2 a1 0.40824828 
