Node (tipus: author, nom: a1) afegit.
Node (tipus: author, nom: a2) afegit.
Node (tipus: author, nom: a3) afegit.
Node (tipus: paper, nom: b1) afegit.
Node (tipus: paper, nom: b2) afegit.
Node (tipus: paper, nom: b3) afegit.
Node (tipus: paper, nom: b4) afegit.
Aresta (tipusA: author, nomA: a1, tipusB: paper, nomB: b1) afegida.
Aresta (tipusA: author, nomA: a1, tipusB: paper, nomB: b2) afegida.
Aresta (tipusA: author, nomA: a2, tipusB: paper, nomB: b2) afegida.
Aresta (tipusA: author, nomA: a2, tipusB: paper, nomB: b3) afegida.
Aresta (tipusA: author, nomA: a2, tipusB: paper, nomB: b4) afegida.
Aresta (tipusA: author, nomA: a3, tipusB: paper, nomB: b4) afegida.
0 a1 b1 0.70710677 
0 a1 b4 0.0 
El nom 'b5' no correspon a cap node
