Node (tipus: author, nom: a) afegit.
Node (tipus: paper, nom: p) afegit.
Aresta (tipusA: author, nomA: a, tipusB: paper, nomB: p) afegida.
0 a p 1.0 
